// Jest Snapshot v1, https://goo.gl/fbAQLP

exports[`FooterOpeningTimes Should match snapshot of FooterOpeningTimes 1`] = `"<ul class=\\"plain-list no-padding no-margin\\"><li class=\\"Space-sc-4az8w3-0 iJQveI\\">Galleries <time>10:00</time>—<time>18:00</time></li><li class=\\"Space-sc-4az8w3-0 iJQveI\\">Library <time>10:00</time>—<time>20:00</time></li><li class=\\"Space-sc-4az8w3-0 iJQveI\\">Kitchen <time>11:00</time>—<time>21:00</time></li><li class=\\"Space-sc-4az8w3-0 iJQveI\\">Café <time>08:30</time>—<time>21:00</time></li><li class=\\"Space-sc-4az8w3-0 iJQveI\\">Shop <time>09:00</time>—<time>21:00</time></li></ul>"`;
