// Jest Snapshot v1, https://goo.gl/fbAQLP

exports[`Feature: 2. As a library member I want to request an item 
    Scenario: I'm logged out, viewing a work page
      Given the work has a requestable item
      And it’s available to request
      Then I can see a primary CTA to log in
     1`] = `
<div
  data-test-id="libraryLoginCTA"
>
  <ButtonSolidLink
    clickHandler={[Function]}
    link="/loginUrl"
    text="Log in to request"
    trackingEvent={
      Object {
        "action": "follow Cognito login link",
        "category": "Button",
        "label": "{workId}",
      }
    }
  >
    <ConditionalWrapper
      condition={false}
      wrapper={[Function]}
    >
      <ButtonSolid__SolidButton
        href="/loginUrl"
        onClick={[Function]}
      >
        <a
          className="ButtonSolid__BaseButton-is2j2c-0 ButtonSolid__SolidButton-is2j2c-4 gGrRBp dCZQTx link-reset"
          href="/loginUrl"
          onClick={[Function]}
        >
          <ButtonSolid__BaseButtonInner>
            <span
              className="ButtonSolid__BaseButtonInnerSpan-is2j2c-1 ButtonSolid__BaseButtonInner-is2j2c-2  jMNuud font-hnm font-size-5  flex flex--v-center"
            >
              Log in to request
            </span>
          </ButtonSolid__BaseButtonInner>
        </a>
      </ButtonSolid__SolidButton>
    </ConditionalWrapper>
  </ButtonSolidLink>
</div>
`;

exports[`Feature: 2. As a library member I want to request an item Scenario: I'm logged in, viewing a work page
  Given the work has a requestable item
  And it’s available to request
  Then I can see a primary CTA to request it 1`] = `
<div
  data-test-id="requestModalCTA"
>
  <ButtonSolid
    clickHandler={[Function]}
    text="Request"
    trackingEvent={
      Object {
        "action": "open Stacks request modal window",
        "category": "Button",
        "label": "{workId}",
      }
    }
  >
    <ButtonSolid__SolidButton
      onClick={[Function]}
    >
      <button
        className="ButtonSolid__BaseButton-is2j2c-0 ButtonSolid__SolidButton-is2j2c-4 gGrRBp dCZQTx"
        onClick={[Function]}
      >
        <ButtonSolid__BaseButtonInner>
          <span
            className="ButtonSolid__BaseButtonInnerSpan-is2j2c-1 ButtonSolid__BaseButtonInner-is2j2c-2  jMNuud font-hnm font-size-5  flex flex--v-center"
          >
            <span
              className=""
            >
              Request
            </span>
          </span>
        </ButtonSolid__BaseButtonInner>
      </button>
    </ButtonSolid__SolidButton>
  </ButtonSolid>
  <Modal
    id="requestModal"
    isActive={false}
    openButtonRef={
      Object {
        "current": <button
          class="ButtonSolid__BaseButton-is2j2c-0 ButtonSolid__SolidButton-is2j2c-4 gGrRBp dCZQTx"
        >
          <span
            class="ButtonSolid__BaseButtonInnerSpan-is2j2c-1 ButtonSolid__BaseButtonInner-is2j2c-2  jMNuud font-hnm font-size-5  flex flex--v-center"
          >
            <span
              class=""
            >
              Request
            </span>
          </span>
        </button>,
      }
    }
    setIsActive={[Function]}
  >
    <CSSTransition
      classNames="fade"
      in={false}
      timeout={350}
    >
      <Transition
        appear={false}
        enter={true}
        exit={true}
        in={false}
        mountOnEnter={false}
        onEnter={[Function]}
        onEntered={[Function]}
        onEntering={[Function]}
        onExit={[Function]}
        onExited={[Function]}
        onExiting={[Function]}
        timeout={350}
        unmountOnExit={false}
      >
        <Modal__ModalWindow
          hidden={true}
          id="requestModal"
          width={null}
        >
          <div
            className="Space-sc-4az8w3-0 Modal__ModalWindow-sc-12234yr-2 qQBZz deVjSn shadow bg-white"
            hidden={true}
            id="requestModal"
            width={null}
          >
            <Modal__CloseButton
              hideFocus={false}
              onClick={[Function]}
            >
              <button
                className="Space-sc-4az8w3-0 Modal__CloseButton-sc-12234yr-1 bkjmsI hctMRG"
                onClick={[Function]}
                role="button"
              >
                <span
                  className="visually-hidden"
                >
                  Close modal window
                </span>
                <Icon
                  extraClasses="icon--currentColor"
                  name="cross"
                >
                  <div
                    className="icon icon--currentColor"
                  >
                    <svg
                      aria-hidden={true}
                      className="icon__svg"
                    >
                      <svg
                        viewBox="0 0 24 24"
                      >
                        <path
                          className="icon__shape"
                          d="M18.7 17.3L13.4 12l5.3-5.3c.4-.4.4-1 0-1.4-.4-.4-1-.4-1.4 0L12 10.6 6.7 5.3c-.4-.4-1-.4-1.4 0-.4.4-.4 1 0 1.4l5.3 5.3-5.3 5.3c-.4.4-.4 1 0 1.4.4.4 1 .4 1.4 0l5.3-5.3 5.3 5.3c.4.4 1 .4 1.4 0 .4-.4.4-1 0-1.4z"
                          fillRule="nonzero"
                        />
                      </svg>
                    </svg>
                  </div>
                </Icon>
              </button>
            </Modal__CloseButton>
            <h2
              className="font-hnm font-size-5 "
            >
              Request items
            </h2>
            <p
              className="font-hnl font-size-5 "
            >
              You are about to request the following items:
            </p>
            <p
              className="font-hnm font-size-6 "
            >
              Sir Joseph Banks : Royal Botanical Garden St. Vincent 1764-1820.
            </p>
            <ul
              className="plain-list no-padding"
            >
              <li
                className="font-hnm font-size-5 "
                key="{itemIdAvailable}"
              >
                <Space
                  as="span"
                  className="font-hnl font-size-5 "
                  h={
                    Object {
                      "properties": Array [
                        "margin-right",
                      ],
                      "size": "s",
                    }
                  }
                >
                  <span
                    className="Space-sc-4az8w3-0 eFqFvD font-hnl font-size-5 "
                  >
                    <label
                      className="visually-hidden"
                    >
                      Request 
                      {itemIdAvailable}
                    </label>
                    <CheckboxRadio
                      checked={true}
                      id="{itemIdAvailable}"
                      name="{itemIdAvailable}"
                      onChange={[Function]}
                      text=""
                      type="checkbox"
                      value="{itemIdAvailable}"
                    >
                      <CheckboxRadio__CheckboxRadioLabel
                        htmlFor="{itemIdAvailable}"
                      >
                        <label
                          className="CheckboxRadio__CheckboxRadioLabel-sc-18nuwsd-0 eiIodU flex-inline flex--v-center"
                          htmlFor="{itemIdAvailable}"
                        >
                          <CheckboxRadio__CheckboxRadioInput
                            checked={true}
                            id="{itemIdAvailable}"
                            name="{itemIdAvailable}"
                            onChange={[Function]}
                            type="checkbox"
                            value="{itemIdAvailable}"
                          >
                            <input
                              checked={true}
                              className="CheckboxRadio__CheckboxRadioInput-sc-18nuwsd-3 bvVdNq"
                              id="{itemIdAvailable}"
                              name="{itemIdAvailable}"
                              onChange={[Function]}
                              type="checkbox"
                              value="{itemIdAvailable}"
                            />
                          </CheckboxRadio__CheckboxRadioInput>
                          <CheckboxRadio__CheckboxRadioBox
                            type="checkbox"
                          >
                            <span
                              className="CheckboxRadio__CheckboxRadioBoxSpan-sc-18nuwsd-1 CheckboxRadio__CheckboxRadioBox-sc-18nuwsd-2  uVpdx flex-inline flex--v-center flex--h-center relative"
                              type="checkbox"
                            >
                              <Icon
                                name="check"
                              >
                                <div
                                  className="icon "
                                >
                                  <svg
                                    aria-hidden={true}
                                    className="icon__svg"
                                  >
                                    <svg
                                      viewBox="0 0 24 24"
                                    >
                                      <path
                                        className="icon__shape"
                                        d="M21.13 6.64a1 1 0 0 0-1.41 0L10 16.34l-5-5a1 1 0 0 0-1.41 1.41l5.67 5.67a1 1 0 0 0 1.41 0l10.4-10.4a1 1 0 0 0 .06-1.38z"
                                        fillRule="nonzero"
                                      />
                                    </svg>
                                  </svg>
                                </div>
                              </Icon>
                            </span>
                          </CheckboxRadio__CheckboxRadioBox>
                          <Space
                            as="span"
                            h={
                              Object {
                                "properties": Array [
                                  "margin-left",
                                ],
                                "size": "xs",
                              }
                            }
                          >
                            <span
                              className="Space-sc-4az8w3-0 jPPhdA"
                            />
                          </Space>
                        </label>
                      </CheckboxRadio__CheckboxRadioLabel>
                    </CheckboxRadio>
                  </span>
                </Space>
                <Space
                  as="span"
                  className="font-hnl font-size-5 "
                  h={
                    Object {
                      "properties": Array [
                        "margin-left",
                      ],
                      "size": "l",
                    }
                  }
                >
                  <span
                    className="Space-sc-4az8w3-0 kmFYVg font-hnl font-size-5 "
                  >
                    Closed stores Biog. pam
                  </span>
                </Space>
              </li>
            </ul>
            <div>
              <ItemRequestButton
                itemsWithPhysicalLocations={
                  Array [
                    Object {
                      "checked": true,
                      "dueDate": "{dueDate}",
                      "id": "{itemIdAvailable}",
                      "identifiers": Array [
                        Object {
                          "identifierType": Object {
                            "id": "sierra-system-number",
                            "label": "Sierra system number",
                            "type": "IdentifierType",
                          },
                          "type": "Identifier",
                          "value": "i10187431",
                        },
                        Object {
                          "identifierType": Object {
                            "id": "sierra-identifier",
                            "label": "Sierra identifier",
                            "type": "IdentifierType",
                          },
                          "type": "Identifier",
                          "value": "1018743",
                        },
                      ],
                      "locations": Array [
                        Object {
                          "accessConditions": Array [],
                          "label": "Closed stores Biog. pam",
                          "locationType": Object {
                            "id": "sgpbi",
                            "label": "Closed stores Biog. pam",
                            "type": "LocationType",
                          },
                          "type": "PhysicalLocation",
                        },
                      ],
                      "requestable": true,
                      "status": Object {
                        "id": "-",
                        "label": "Available",
                        "type": "ItemStatus",
                      },
                      "type": "Item",
                    },
                  ]
                }
                setItemsWithPhysicalLocations={[Function]}
                setShowRequestModal={[Function]}
                setShowResultsModal={[Function]}
              >
                <ButtonSolid
                  clickHandler={[Function]}
                  text="Request to view in library"
                  trackingEvent={
                    Object {
                      "action": "confirm Stacks request",
                      "category": "Button",
                      "label": "item id(s): {itemIdAvailable}",
                    }
                  }
                >
                  <ButtonSolid__SolidButton
                    onClick={[Function]}
                  >
                    <button
                      className="ButtonSolid__BaseButton-is2j2c-0 ButtonSolid__SolidButton-is2j2c-4 gGrRBp dCZQTx"
                      onClick={[Function]}
                    >
                      <ButtonSolid__BaseButtonInner>
                        <span
                          className="ButtonSolid__BaseButtonInnerSpan-is2j2c-1 ButtonSolid__BaseButtonInner-is2j2c-2  jMNuud font-hnm font-size-5  flex flex--v-center"
                        >
                          <span
                            className=""
                          >
                            Request to view in library
                          </span>
                        </span>
                      </ButtonSolid__BaseButtonInner>
                    </button>
                  </ButtonSolid__SolidButton>
                </ButtonSolid>
              </ItemRequestButton>
              <button
                className="plain-button"
                onClick={[Function]}
              >
                <Space
                  as="span"
                  className="font-hnl font-size-6 "
                  h={
                    Object {
                      "properties": Array [
                        "margin-left",
                      ],
                      "size": "l",
                    }
                  }
                >
                  <span
                    className="Space-sc-4az8w3-0 kmFYVg font-hnl font-size-6 "
                  >
                    Cancel
                  </span>
                </Space>
              </button>
            </div>
          </div>
        </Modal__ModalWindow>
      </Transition>
    </CSSTransition>
  </Modal>
</div>
`;

exports[`Feature: 2. As a library member I want to request an item Scenario: I'm logged out, viewing a work page
      Given the work has a requestable item
      And it’s unavailable to request
      Then I can't see a primary CTA to log in 1`] = `null`;
