// Jest Snapshot v1, https://goo.gl/fbAQLP

exports[`Feature: 2. As a library member I want to request an item 
    Scenario: I'm logged out, viewing a work page
      Given the work has a requestable item
      And it’s available to request
      Then I can see a primary CTA to log in
     1`] = `null`;
